
Running 3 tests using 1 worker

  Γ£ÿ  1 [chromium] ΓÇ║ e2e\ufaallatam.spec.ts:37:3 ΓÇ║ UFAAL - E2E Core Flow ΓÇ║ Autenticaci├│n - Flujo Completo (Login/Logout) (19.3s)
  Γ£ÿ  2 [chromium] ΓÇ║ e2e\ufaallatam.spec.ts:58:3 ΓÇ║ UFAAL - E2E Core Flow ΓÇ║ Resiliencia - Manejo de Error 500 en Dashboard (1.0m)
