src/components/layout/Navbar.tsx(9,24): error TS6133: 'data' is declared but its value is never read.
src/components/ui/LanguageSelector.tsx(1,8): error TS6133: 'React' is declared but its value is never read.
src/components/ui/LanguageSelector.tsx(28,9): error TS6133: 'selectedLang' is declared but its value is never read.
